// Jest Snapshot v1, https://goo.gl/fbAQLP

exports[`rm-storage-accounts step 1`] = `
Array [
  Object {
    "_class": Array [
      "Service",
    ],
    "_key": "/subscriptions/193f89dc-6225-4a80-bacb-96b32fbf6dd0/resourceGroups/DefaultResourceGroup-CUS/providers/Microsoft.Storage/storageAccounts/regenerateaccesskeytest",
    "_rawData": Array [
      Object {
        "name": "default",
        "rawData": Object {
          "accessTier": "Hot",
          "allowBlobPublicAccess": true,
          "creationTime": 2021-09-20T15:02:41.564Z,
          "enableHttpsTrafficOnly": true,
          "encryption": Object {
            "keySource": "Microsoft.Storage",
            "services": Object {
              "blob": Object {
                "enabled": true,
                "keyType": "Account",
                "lastEnabledTime": 2021-09-20T15:02:41.704Z,
              },
              "file": Object {
                "enabled": true,
                "keyType": "Account",
                "lastEnabledTime": 2021-09-20T15:02:41.704Z,
              },
            },
          },
          "id": "/subscriptions/193f89dc-6225-4a80-bacb-96b32fbf6dd0/resourceGroups/DefaultResourceGroup-CUS/providers/Microsoft.Storage/storageAccounts/regenerateaccesskeytest",
          "kind": "StorageV2",
          "location": "eastus",
          "minimumTlsVersion": "TLS1_2",
          "name": "regenerateaccesskeytest",
          "networkRuleSet": Object {
            "bypass": "AzureServices",
            "defaultAction": "Allow",
            "ipRules": Array [],
            "virtualNetworkRules": Array [],
          },
          "primaryEndpoints": Object {
            "blob": "https://regenerateaccesskeytest.blob.core.windows.net/",
            "web": "https://regenerateaccesskeytest.z13.web.core.windows.net/",
          },
          "primaryLocation": "eastus",
          "privateEndpointConnections": Array [],
          "provisioningState": "Succeeded",
          "sku": Object {
            "name": "Premium_LRS",
            "tier": "Premium",
          },
          "statusOfPrimary": "available",
          "tags": Object {},
          "type": "Microsoft.Storage/storageAccounts",
        },
      },
    ],
    "_type": "azure_storage_account",
    "allowBlobPublicAccess": true,
    "blobAnalyticsLoggingDeleteEnabled": undefined,
    "blobAnalyticsLoggingReadEnabled": undefined,
    "blobAnalyticsLoggingWriteEnabled": undefined,
    "blobSoftDeleteEnabled": undefined,
    "blobSoftDeleteRetentionDays": undefined,
    "category": Array [
      "infrastructure",
    ],
    "createdOn": 1632150161564,
    "displayName": "regenerateaccesskeytest",
    "enableHttpsTrafficOnly": true,
    "encryptedBlob": true,
    "encryptedFileShare": true,
    "encryptedQueue": undefined,
    "encryptedTable": undefined,
    "encryption.keySource": "Microsoft.Storage",
    "endpoints": Array [
      "https://regenerateaccesskeytest.blob.core.windows.net/",
      "https://regenerateaccesskeytest.z13.web.core.windows.net/",
    ],
    "function": Array [
      "storage",
    ],
    "id": "/subscriptions/193f89dc-6225-4a80-bacb-96b32fbf6dd0/resourceGroups/DefaultResourceGroup-CUS/providers/Microsoft.Storage/storageAccounts/regenerateaccesskeytest",
    "isAccessKeyRegenerated": true,
    "kind": "StorageV2",
    "name": "regenerateaccesskeytest",
    "networkRuleSet.allowedIpAddresses": "",
    "networkRuleSet.bypass": "AzureServices",
    "networkRuleSet.defaultAction": "Allow",
    "queueAnalyticsLoggingDeleteEnabled": undefined,
    "queueAnalyticsLoggingReadEnabled": undefined,
    "queueAnalyticsLoggingWriteEnabled": undefined,
    "region": "eastus",
    "resourceGroup": "defaultresourcegroup-cus",
    "sku": "Premium_LRS",
    "webLink": "https://portal.azure.com/#@j1AzureIntegrationDev.onmicrosoft.com/resource/subscriptions/193f89dc-6225-4a80-bacb-96b32fbf6dd0/resourceGroups/DefaultResourceGroup-CUS/providers/Microsoft.Storage/storageAccounts/regenerateaccesskeytest",
  },
  Object {
    "_class": Array [
      "Service",
    ],
    "_key": "/subscriptions/193f89dc-6225-4a80-bacb-96b32fbf6dd0/resourceGroups/Stefan_Storage_Resources/providers/Microsoft.Storage/storageAccounts/stefanexamplestorage",
    "_rawData": Array [
      Object {
        "name": "default",
        "rawData": Object {
          "accessTier": "Hot",
          "allowBlobPublicAccess": true,
          "creationTime": 2021-09-07T13:14:18.446Z,
          "enableHttpsTrafficOnly": true,
          "encryption": Object {
            "keySource": "Microsoft.Storage",
            "services": Object {
              "blob": Object {
                "enabled": true,
                "keyType": "Account",
                "lastEnabledTime": 2021-09-07T13:14:18.555Z,
              },
              "file": Object {
                "enabled": true,
                "keyType": "Account",
                "lastEnabledTime": 2021-09-07T13:14:18.555Z,
              },
            },
          },
          "id": "/subscriptions/193f89dc-6225-4a80-bacb-96b32fbf6dd0/resourceGroups/Stefan_Storage_Resources/providers/Microsoft.Storage/storageAccounts/stefanexamplestorage",
          "kind": "StorageV2",
          "location": "eastus",
          "minimumTlsVersion": "TLS1_2",
          "name": "stefanexamplestorage",
          "networkRuleSet": Object {
            "bypass": "AzureServices",
            "defaultAction": "Allow",
            "ipRules": Array [],
            "virtualNetworkRules": Array [],
          },
          "primaryEndpoints": Object {
            "blob": "https://stefanexamplestorage.blob.core.windows.net/",
            "dfs": "https://stefanexamplestorage.dfs.core.windows.net/",
            "file": "https://stefanexamplestorage.file.core.windows.net/",
            "queue": "https://stefanexamplestorage.queue.core.windows.net/",
            "table": "https://stefanexamplestorage.table.core.windows.net/",
            "web": "https://stefanexamplestorage.z13.web.core.windows.net/",
          },
          "primaryLocation": "eastus",
          "privateEndpointConnections": Array [],
          "provisioningState": "Succeeded",
          "secondaryEndpoints": Object {
            "blob": "https://stefanexamplestorage-secondary.blob.core.windows.net/",
            "dfs": "https://stefanexamplestorage-secondary.dfs.core.windows.net/",
            "queue": "https://stefanexamplestorage-secondary.queue.core.windows.net/",
            "table": "https://stefanexamplestorage-secondary.table.core.windows.net/",
            "web": "https://stefanexamplestorage-secondary.z13.web.core.windows.net/",
          },
          "secondaryLocation": "westus",
          "sku": Object {
            "name": "Standard_RAGRS",
            "tier": "Standard",
          },
          "statusOfPrimary": "available",
          "statusOfSecondary": "available",
          "tags": Object {},
          "type": "Microsoft.Storage/storageAccounts",
        },
      },
      Object {
        "name": "blobServiceProperties",
        "rawData": Object {
          "blobAnalyticsLogging": Object {
            "deleteProperty": false,
            "read": false,
            "retentionPolicy": Object {
              "days": undefined,
              "enabled": false,
            },
            "version": "1.0",
            "write": false,
          },
          "cors": Array [],
          "defaultServiceVersion": undefined,
          "deleteRetentionPolicy": Object {
            "AllowPermanentDelete": "false",
            "days": 7,
            "enabled": true,
          },
          "hourMetrics": Object {
            "enabled": true,
            "includeAPIs": true,
            "retentionPolicy": Object {
              "days": 7,
              "enabled": true,
            },
            "version": "1.0",
          },
          "minuteMetrics": Object {
            "enabled": false,
            "includeAPIs": undefined,
            "retentionPolicy": Object {
              "days": undefined,
              "enabled": false,
            },
            "version": "1.0",
          },
          "staticWebsite": Object {
            "defaultIndexDocumentPath": undefined,
            "enabled": false,
            "errorDocument404Path": undefined,
            "indexDocument": undefined,
          },
        },
      },
      Object {
        "name": "queueServiceProperties",
        "rawData": Object {
          "cors": Array [],
          "hourMetrics": Object {
            "enabled": true,
            "includeAPIs": true,
            "retentionPolicy": Object {
              "days": 7,
              "enabled": true,
            },
            "version": "1.0",
          },
          "minuteMetrics": Object {
            "enabled": false,
            "includeAPIs": undefined,
            "retentionPolicy": Object {
              "days": undefined,
              "enabled": false,
            },
            "version": "1.0",
          },
          "queueAnalyticsLogging": Object {
            "deleteProperty": false,
            "read": false,
            "retentionPolicy": Object {
              "days": undefined,
              "enabled": false,
            },
            "version": "1.0",
            "write": false,
          },
        },
      },
    ],
    "_type": "azure_storage_account",
    "allowBlobPublicAccess": true,
    "blobAnalyticsLoggingDeleteEnabled": false,
    "blobAnalyticsLoggingReadEnabled": false,
    "blobAnalyticsLoggingWriteEnabled": false,
    "blobSoftDeleteEnabled": true,
    "blobSoftDeleteRetentionDays": 7,
    "category": Array [
      "infrastructure",
    ],
    "createdOn": 1631020458446,
    "displayName": "stefanexamplestorage",
    "enableHttpsTrafficOnly": true,
    "encryptedBlob": true,
    "encryptedFileShare": true,
    "encryptedQueue": undefined,
    "encryptedTable": undefined,
    "encryption.keySource": "Microsoft.Storage",
    "endpoints": Array [
      "https://stefanexamplestorage.blob.core.windows.net/",
      "https://stefanexamplestorage.queue.core.windows.net/",
      "https://stefanexamplestorage.table.core.windows.net/",
      "https://stefanexamplestorage.file.core.windows.net/",
      "https://stefanexamplestorage.z13.web.core.windows.net/",
      "https://stefanexamplestorage.dfs.core.windows.net/",
    ],
    "function": Array [
      "storage",
    ],
    "id": "/subscriptions/193f89dc-6225-4a80-bacb-96b32fbf6dd0/resourceGroups/Stefan_Storage_Resources/providers/Microsoft.Storage/storageAccounts/stefanexamplestorage",
    "isAccessKeyRegenerated": false,
    "kind": "StorageV2",
    "name": "stefanexamplestorage",
    "networkRuleSet.allowedIpAddresses": "",
    "networkRuleSet.bypass": "AzureServices",
    "networkRuleSet.defaultAction": "Allow",
    "queueAnalyticsLoggingDeleteEnabled": false,
    "queueAnalyticsLoggingReadEnabled": false,
    "queueAnalyticsLoggingWriteEnabled": false,
    "region": "eastus",
    "resourceGroup": "stefan_storage_resources",
    "sku": "Standard_RAGRS",
    "webLink": "https://portal.azure.com/#@j1AzureIntegrationDev.onmicrosoft.com/resource/subscriptions/193f89dc-6225-4a80-bacb-96b32fbf6dd0/resourceGroups/Stefan_Storage_Resources/providers/Microsoft.Storage/storageAccounts/stefanexamplestorage",
  },
  Object {
    "_class": Array [
      "Service",
    ],
    "_key": "/subscriptions/193f89dc-6225-4a80-bacb-96b32fbf6dd0/resourceGroups/Stefan_AppServices_Group/providers/Microsoft.Storage/storageAccounts/storageaccountstefaafb8",
    "_rawData": Array [
      Object {
        "name": "default",
        "rawData": Object {
          "creationTime": 2021-09-16T14:50:27.037Z,
          "enableHttpsTrafficOnly": true,
          "encryption": Object {
            "keySource": "Microsoft.Storage",
            "services": Object {
              "blob": Object {
                "enabled": true,
                "keyType": "Account",
                "lastEnabledTime": 2021-09-16T14:50:27.130Z,
              },
              "file": Object {
                "enabled": true,
                "keyType": "Account",
                "lastEnabledTime": 2021-09-16T14:50:27.130Z,
              },
            },
          },
          "id": "/subscriptions/193f89dc-6225-4a80-bacb-96b32fbf6dd0/resourceGroups/Stefan_AppServices_Group/providers/Microsoft.Storage/storageAccounts/storageaccountstefaafb8",
          "kind": "Storage",
          "location": "centralus",
          "minimumTlsVersion": "TLS1_2",
          "name": "storageaccountstefaafb8",
          "networkRuleSet": Object {
            "bypass": "AzureServices",
            "defaultAction": "Allow",
            "ipRules": Array [],
            "virtualNetworkRules": Array [],
          },
          "primaryEndpoints": Object {
            "blob": "https://storageaccountstefaafb8.blob.core.windows.net/",
            "file": "https://storageaccountstefaafb8.file.core.windows.net/",
            "queue": "https://storageaccountstefaafb8.queue.core.windows.net/",
            "table": "https://storageaccountstefaafb8.table.core.windows.net/",
          },
          "primaryLocation": "centralus",
          "privateEndpointConnections": Array [],
          "provisioningState": "Succeeded",
          "sku": Object {
            "name": "Standard_LRS",
            "tier": "Standard",
          },
          "statusOfPrimary": "available",
          "tags": Object {},
          "type": "Microsoft.Storage/storageAccounts",
        },
      },
      Object {
        "name": "blobServiceProperties",
        "rawData": Object {
          "blobAnalyticsLogging": Object {
            "deleteProperty": false,
            "read": false,
            "retentionPolicy": Object {
              "days": undefined,
              "enabled": false,
            },
            "version": "1.0",
            "write": false,
          },
          "cors": Array [],
          "defaultServiceVersion": undefined,
          "deleteRetentionPolicy": Object {
            "AllowPermanentDelete": "false",
            "days": undefined,
            "enabled": false,
          },
          "hourMetrics": Object {
            "enabled": true,
            "includeAPIs": true,
            "retentionPolicy": Object {
              "days": 7,
              "enabled": true,
            },
            "version": "1.0",
          },
          "minuteMetrics": Object {
            "enabled": false,
            "includeAPIs": undefined,
            "retentionPolicy": Object {
              "days": undefined,
              "enabled": false,
            },
            "version": "1.0",
          },
          "staticWebsite": undefined,
        },
      },
      Object {
        "name": "queueServiceProperties",
        "rawData": Object {
          "cors": Array [],
          "hourMetrics": Object {
            "enabled": true,
            "includeAPIs": true,
            "retentionPolicy": Object {
              "days": 7,
              "enabled": true,
            },
            "version": "1.0",
          },
          "minuteMetrics": Object {
            "enabled": false,
            "includeAPIs": undefined,
            "retentionPolicy": Object {
              "days": undefined,
              "enabled": false,
            },
            "version": "1.0",
          },
          "queueAnalyticsLogging": Object {
            "deleteProperty": false,
            "read": false,
            "retentionPolicy": Object {
              "days": undefined,
              "enabled": false,
            },
            "version": "1.0",
            "write": false,
          },
        },
      },
    ],
    "_type": "azure_storage_account",
    "allowBlobPublicAccess": undefined,
    "blobAnalyticsLoggingDeleteEnabled": false,
    "blobAnalyticsLoggingReadEnabled": false,
    "blobAnalyticsLoggingWriteEnabled": false,
    "blobSoftDeleteEnabled": false,
    "blobSoftDeleteRetentionDays": undefined,
    "category": Array [
      "infrastructure",
    ],
    "createdOn": 1631803827037,
    "displayName": "storageaccountstefaafb8",
    "enableHttpsTrafficOnly": true,
    "encryptedBlob": true,
    "encryptedFileShare": true,
    "encryptedQueue": undefined,
    "encryptedTable": undefined,
    "encryption.keySource": "Microsoft.Storage",
    "endpoints": Array [
      "https://storageaccountstefaafb8.blob.core.windows.net/",
      "https://storageaccountstefaafb8.queue.core.windows.net/",
      "https://storageaccountstefaafb8.table.core.windows.net/",
      "https://storageaccountstefaafb8.file.core.windows.net/",
    ],
    "function": Array [
      "storage",
    ],
    "id": "/subscriptions/193f89dc-6225-4a80-bacb-96b32fbf6dd0/resourceGroups/Stefan_AppServices_Group/providers/Microsoft.Storage/storageAccounts/storageaccountstefaafb8",
    "isAccessKeyRegenerated": false,
    "kind": "Storage",
    "name": "storageaccountstefaafb8",
    "networkRuleSet.allowedIpAddresses": "",
    "networkRuleSet.bypass": "AzureServices",
    "networkRuleSet.defaultAction": "Allow",
    "queueAnalyticsLoggingDeleteEnabled": false,
    "queueAnalyticsLoggingReadEnabled": false,
    "queueAnalyticsLoggingWriteEnabled": false,
    "region": "centralus",
    "resourceGroup": "stefan_appservices_group",
    "sku": "Standard_LRS",
    "webLink": "https://portal.azure.com/#@j1AzureIntegrationDev.onmicrosoft.com/resource/subscriptions/193f89dc-6225-4a80-bacb-96b32fbf6dd0/resourceGroups/Stefan_AppServices_Group/providers/Microsoft.Storage/storageAccounts/storageaccountstefaafb8",
  },
]
`;
